// Jest Snapshot v1, https://goo.gl/fbAQLP

exports[`ActionFormButtonUi html should match snapshot 1`] = `"<div class=\\"field\\"><button id=\\"action-id\\" class=\\"ui button\\"></button></div>"`;

exports[`ActionFormButtonUi should match snapshot 1`] = `
<FormButton
  as={[Function]}
  control={[Function]}
  disabled={false}
  id="the_id"
  onClick={[Function]}
  readOnly={false}
/>
`;
