// Jest Snapshot v1, https://goo.gl/fbAQLP

exports[`ConfirmAnt should render a confirm dialog by default 1`] = `
<Modal
  cancelButtonDisabled={false}
  cancelText="Cancel"
  confirmLoading={false}
  maskTransitionName="fade"
  okButtonDisabled={false}
  okText="Do the action"
  okType="primary"
  onCancel={[Function]}
  onOk={[Function]}
  prefixCls="ant-modal"
  title={
    <BindMarkdownDiv
      text=""
    />
  }
  transitionName="zoom"
  visible={false}
  width={520}
>
  <BindMarkdownDiv
    text=""
  />
</Modal>
`;
