// Jest Snapshot v1, https://goo.gl/fbAQLP

exports[`FormItemAnt should render a form element by default 1`] = `
<Form
  disabled={false}
  hideRequiredMark={false}
  id="id-test_form"
  layout="horizontal"
  onSubmit={[Function]}
  prefixCls="ant-form"
  readOnly={false}
/>
`;
