// Jest Snapshot v1, https://goo.gl/fbAQLP

exports[`NumericAnt should render a numeric input by default 1`] = `
<InputNumber
  disabled={false}
  id="the_id"
  label="oh"
  onChange={[Function]}
  placeholder="Interval"
  prefixCls="ant-input-number"
  readOnly={false}
  step={1}
/>
`;

exports[`NumericFormAnt should render form item with a text input by default 1`] = `
<FormItemAnt
  operation={
    bound NumericImpl {
      "_errors": Array [],
      "_isSaving": false,
      "_value": undefined,
      "constructor": [Function],
      "doClearErrors": [Function],
      "doGetValue": [Function],
      "doOnValidate": [Function],
      "doPlaceholder": [Function],
      "doSetValue": [Function],
      "domId": "the_id",
      "getDisabled": [Function],
      "getErrors": [Function],
      "getHelp": [Function],
      "getInitialValue": [Function],
      "getInvisible": [Function],
      "getLabel": [Function],
      "getReadonly": [Function],
      "id": "TheId",
      "impl": Object {
        "disabled": [Function],
        "id": "TheId",
        "initialValue": 12,
        "label": "oh",
      },
      "setError": [Function],
      Symbol(mobx did run lazy initializers): true,
      Symbol(mobx administration): ObservableObjectAdministration$$1 {
        "defaultEnhancer": [Function],
        "keysAtom": Atom$$1 {
          "diffValue": 0,
          "isBeingObserved": false,
          "isPendingUnobservation": false,
          "lastAccessedBy": 0,
          "lowestObserverState": 2,
          "name": "NumericImpl@61.keys",
          "observers": Set {},
        },
        "name": "NumericImpl@61",
        "target": [Circular],
        "values": Map {
          "_errors" => Array [],
          "label" => "oh",
          "disabled" => false,
          "enabled" => true,
          "invisible" => false,
          "readOnly" => false,
          "help" => undefined,
          "errors" => Array [],
          "error" => undefined,
          "hasErrors" => false,
          "_value" => undefined,
          "_isSaving" => false,
          "inputType" => undefined,
          "value" => 12,
          "placeholder" => undefined,
          "required" => undefined,
          "isInitialValue" => true,
          "onlyInteger" => false,
          "min" => undefined,
          "max" => undefined,
          "step" => undefined,
        },
      },
    }
  }
>
  <NumericAnt
    disabled={false}
    id="the_id"
    operation={
      bound NumericImpl {
        "_errors": Array [],
        "_isSaving": false,
        "_value": undefined,
        "constructor": [Function],
        "doClearErrors": [Function],
        "doGetValue": [Function],
        "doOnValidate": [Function],
        "doPlaceholder": [Function],
        "doSetValue": [Function],
        "domId": "the_id",
        "getDisabled": [Function],
        "getErrors": [Function],
        "getHelp": [Function],
        "getInitialValue": [Function],
        "getInvisible": [Function],
        "getLabel": [Function],
        "getReadonly": [Function],
        "id": "TheId",
        "impl": Object {
          "disabled": [Function],
          "id": "TheId",
          "initialValue": 12,
          "label": "oh",
        },
        "setError": [Function],
        Symbol(mobx did run lazy initializers): true,
        Symbol(mobx administration): ObservableObjectAdministration$$1 {
          "defaultEnhancer": [Function],
          "keysAtom": Atom$$1 {
            "diffValue": 0,
            "isBeingObserved": false,
            "isPendingUnobservation": false,
            "lastAccessedBy": 0,
            "lowestObserverState": 2,
            "name": "NumericImpl@61.keys",
            "observers": Set {},
          },
          "name": "NumericImpl@61",
          "target": [Circular],
          "values": Map {
            "_errors" => Array [],
            "label" => "oh",
            "disabled" => false,
            "enabled" => true,
            "invisible" => false,
            "readOnly" => false,
            "help" => undefined,
            "errors" => Array [],
            "error" => undefined,
            "hasErrors" => false,
            "_value" => undefined,
            "_isSaving" => false,
            "inputType" => undefined,
            "value" => 12,
            "placeholder" => undefined,
            "required" => undefined,
            "isInitialValue" => true,
            "onlyInteger" => false,
            "min" => undefined,
            "max" => undefined,
            "step" => undefined,
          },
        },
      }
    }
    readOnly={false}
  />
</FormItemAnt>
`;
